2026-09-22 09:45:23,925 [WARNING] binance fetch_ohlcv failed (binance GET https://api.binance.com/api/v3/exchangeInfo) — falling back to data-api.binance.vision for 1800s
spot     BTC/USDT   2020  H1   n=  321 n_eff=   85  base=+0.0721pp cand=+0.2455pp  mean_diff=+0.1734pp  win_share=0.118  unresolved=0/0  time_exit%=26.5/0.3
spot     ETH/USDT   2020  H1   n=  321 n_eff=   80  base=+0.0513pp cand=+0.1411pp  mean_diff=+0.0898pp  win_share=0.097  unresolved=0/0  time_exit%=24.9/0.0
spot     BNB/USDT   2020  H1   n=  321 n_eff=   88  base=-0.0414pp cand=+0.3269pp  mean_diff=+0.3682pp  win_share=0.118  unresolved=0/0  time_exit%=27.4/0.0
spot     XRP/USDT   2020  H1   n=  321 n_eff=   76  base=-0.8493pp cand=-1.0695pp  mean_diff=-0.2202pp  win_share=0.078  unresolved=0/0  time_exit%=23.7/0.0
spot     LINK/USDT  2020  H1   n=  321 n_eff=   91  base=-0.2894pp cand=-0.6436pp  mean_diff=-0.3543pp  win_share=0.097  unresolved=0/0  time_exit%=28.3/0.0
spot     BTC/USDT   2021  H1   n=  320 n_eff=   86  base=-0.6374pp cand=-0.8854pp  mean_diff=-0.2480pp  win_share=0.069  unresolved=0/0  time_exit%=26.9/0.0
spot     ETH/USDT   2021  H1   n=  320 n_eff=   84  base=-0.1979pp cand=-0.2217pp  mean_diff=-0.0237pp  win_share=0.103  unresolved=0/0  time_exit%=26.2/0.0
spot     BNB/USDT   2021  H1   n=  320 n_eff=   95  base=+0.0449pp cand=-0.2192pp  mean_diff=-0.2641pp  win_share=0.109  unresolved=0/0  time_exit%=29.7/0.0
spot     XRP/USDT   2021  H1   n=  320 n_eff=   93  base=-0.3309pp cand=-0.5153pp  mean_diff=-0.1845pp  win_share=0.106  unresolved=0/0  time_exit%=29.1/0.0
spot     LINK/USDT  2021  H1   n=  320 n_eff=   79  base=-0.8223pp cand=-0.8816pp  mean_diff=-0.0592pp  win_share=0.094  unresolved=0/0  time_exit%=24.7/0.0
spot     BTC/USDT   2022  H1   n=  320 n_eff=   71  base=-1.1303pp cand=-1.1795pp  mean_diff=-0.0492pp  win_share=0.072  unresolved=0/0  time_exit%=22.2/0.3
spot     ETH/USDT   2022  H1   n=  320 n_eff=   80  base=-0.9333pp cand=-1.2171pp  mean_diff=-0.2838pp  win_share=0.069  unresolved=0/0  time_exit%=25.0/0.0
spot     BNB/USDT   2022  H1   n=  320 n_eff=   92  base=-0.8531pp cand=-1.1122pp  mean_diff=-0.2590pp  win_share=0.091  unresolved=0/0  time_exit%=28.7/0.0
spot     XRP/USDT   2022  H1   n=  320 n_eff=   79  base=-0.8592pp cand=-0.8535pp  mean_diff=+0.0057pp  win_share=0.091  unresolved=0/0  time_exit%=24.7/0.0
spot     LINK/USDT  2022  H1   n=  320 n_eff=   74  base=-1.4247pp cand=-1.6801pp  mean_diff=-0.2554pp  win_share=0.066  unresolved=0/0  time_exit%=23.1/0.0
spot     BTC/USDT   2023  H1   n=  320 n_eff=   70  base=-0.2879pp cand=-0.3660pp  mean_diff=-0.0782pp  win_share=0.091  unresolved=0/0  time_exit%=21.9/0.0
spot     ETH/USDT   2023  H1   n=  320 n_eff=   65  base=-0.5982pp cand=-0.7076pp  mean_diff=-0.1094pp  win_share=0.050  unresolved=0/0  time_exit%=20.3/0.0
spot     BNB/USDT   2023  H1   n=  320 n_eff=   79  base=-0.6232pp cand=-0.6130pp  mean_diff=+0.0102pp  win_share=0.081  unresolved=0/0  time_exit%=24.7/0.3
spot     XRP/USDT   2023  H1   n=  320 n_eff=   85  base=-0.4595pp cand=-0.4508pp  mean_diff=+0.0088pp  win_share=0.113  unresolved=0/0  time_exit%=26.6/0.0
spot     LINK/USDT  2023  H1   n=  320 n_eff=   79  base=-0.5429pp cand=-0.7247pp  mean_diff=-0.1818pp  win_share=0.078  unresolved=0/0  time_exit%=24.7/0.0
